 ??Warning: Next.js inferred your workspace root, but it may not be correct.
 We detected multiple lockfiles and selected the directory of C:\Users\?좎쁺??package-lock.json as the root directory.
 To silence this warning, set `turbopack.root` in your Next.js config, or consider removing one of the lockfiles if it's not needed.
   See https://nextjs.org/docs/app/api-reference/config/next-config-js/turbopack#root-directory for more information.
 Detected additional lockfiles: 
   * C:\Users\?좎쁺??.gemini\antigravity\scratch\moadream\package-lock.json

   ??Next.js 16.0.7 (Turbopack)
   - Environments: .env.local

 ??The "middleware" file convention is deprecated. Please use "proxy" instead. Learn more: https://nextjs.org/docs/messages/middleware-to-proxy
   Creating an optimized production build ...
 ??Compiled successfully in 2.9s
   Running TypeScript ...
   Collecting page data using 11 workers ...
   Generating static pages using 11 workers (0/8) ...
   Generating static pages using 11 workers (2/8) 
   Generating static pages using 11 workers (4/8) 
   Generating static pages using 11 workers (6/8) 
 ??Generating static pages using 11 workers (8/8) in 711.4ms
   Finalizing page optimization ...

Route (app)
????/
????/_not-found
??? /api/ai/assign
??? /auth/callback
????/dashboard
????/login
??? /project/[id]/class-assignment
??? /project/[id]/grade-assignment
??? /project/[id]/students


? Proxy (Middleware)

?? (Static)   prerendered as static content
?  (Dynamic)  server-rendered on demand

